xÔøΩxÔøΩxÔøΩÔøΩxÔøΩxÔøΩxÔøΩÔøΩÔøΩÔøΩÔøΩÔøΩÔøΩ’±ÔøΩ…Åets Jul 29 2019 12:21:46

rst:0x1 (POWERON_RESET),boot:0x13 (SPI_FAST_FLASH_BOOT)
configsip: 0, SPIWP:0xee
clk_drv:0x00,q_drv:0x00,d_drv:0x00,cs0_drv:0x00,hd_drv:0x00,wp_drv:0x00
mode:DIO, clock div:2
load:0x3fff0030,len:7080
load:0x40078000,len:15584
load:0x40080400,len:4
ho 8 tail 4 room 4
load:0x40080404,len:3876
entry 0x4008064c
[0;32mI (31) boot: ESP-IDF v5.1.2 2nd stage bootloader[0m
[0;32mI (31) boot: compile time May 21 2024 15:21:06[0m
[0;32mI (31) boot: Multicore bootloader[0m
[0;32mI (35) boot: chip revision: v3.1[0m
[0;32mI (39) boot.esp32: SPI Speed      : 40MHz[0m
[0;32mI (44) boot.esp32: SPI Mode       : DIO[0m
[0;32mI (48) boot.esp32: SPI Flash Size : 2MB[0m
[0;32mI (53) boot: Enabling RNG early entropy source...[0m
[0;32mI (58) boot: Partition Table:[0m
[0;32mI (62) boot: ## Label            Usage          Type ST Offset   Length[0m
[0;32mI (69) boot:  0 nvs              WiFi data        01 02 00009000 00006000[0m
[0;32mI (77) boot:  1 phy_init         RF data          01 01 0000f000 00001000[0m
[0;32mI (84) boot:  2 factory          factory app      00 00 00010000 00100000[0m
[0;32mI (92) boot: End of partition table[0m
[0;32mI (96) esp_image: segment 0: paddr=00010020 vaddr=3f400020 size=1a43ch (107580) map[0m
[0;32mI (143) esp_image: segment 1: paddr=0002a464 vaddr=3ffbdb60 size=05264h ( 21092) load[0m
[0;32mI (152) esp_image: segment 2: paddr=0002f6d0 vaddr=40080000 size=00948h (  2376) load[0m
[0;32mI (153) esp_image: segment 3: paddr=00030020 vaddr=400d0020 size=694b8h (431288) map[0m
[0;32mI (315) esp_image: segment 4: paddr=000994e0 vaddr=40080948 size=15cb4h ( 89268) load[0m
[0;32mI (364) boot: Loaded app from partition at offset 0x10000[0m
[0;32mI (364) boot: Disabling RNG early entropy source...[0m
[0;32mI (376) cpu_start: Multicore app[0m
[0;32mI (376) cpu_start: Pro cpu up.[0m
[0;32mI (376) cpu_start: Starting app cpu, entry point is 0x400812e0[0m
[0;32mI (0) cpu_start: App cpu up.[0m
[0;32mI (394) cpu_start: Pro cpu start user code[0m
[0;32mI (394) cpu_start: cpu freq: 160000000 Hz[0m
[0;32mI (394) cpu_start: Application information:[0m
[0;32mI (399) cpu_start: Project name:     hello_world[0m
[0;32mI (404) cpu_start: App version:      1[0m
[0;32mI (409) cpu_start: Compile time:     May 21 2024 15:20:29[0m
[0;32mI (415) cpu_start: ELF file SHA256:  7770d18be416ce94...[0m
[0;32mI (421) cpu_start: ESP-IDF:          v5.1.2[0m
[0;32mI (425) cpu_start: Min chip rev:     v0.0[0m
[0;32mI (430) cpu_start: Max chip rev:     v3.99 [0m
[0;32mI (435) cpu_start: Chip rev:         v3.1[0m
[0;32mI (440) heap_init: Initializing. RAM available for dynamic allocation:[0m
[0;32mI (447) heap_init: At 3FFAE6E0 len 0000F480 (61 KiB): DRAM[0m
[0;32mI (453) heap_init: At 3FFC6490 len 00019B70 (102 KiB): DRAM[0m
[0;32mI (459) heap_init: At 3FFE0440 len 00003AE0 (14 KiB): D/IRAM[0m
[0;32mI (466) heap_init: At 3FFE4350 len 0001BCB0 (111 KiB): D/IRAM[0m
[0;32mI (472) heap_init: At 400965FC len 00009A04 (38 KiB): IRAM[0m
[0;32mI (480) spi_flash: detected chip: generic[0m
[0;32mI (483) spi_flash: flash io: dio[0m
[0;33mW (487) spi_flash: Detected size(4096k) larger than the size in the binary image header(2048k). Using the size in the binary image header.[0m
[0;32mI (501) coexist: coex firmware version: b6d5e8c[0m
[0;32mI (506) app_start: Starting scheduler on CPU0[0m
[0;32[0;32mI (510) app_start: Starting scheduler on CPU1[0m
mI (510) main_task: Started on CPU0[0m
[0;32mI (520) main_task: Calling app_main()[0m
Hello world!
W (520) wifi:wifi osi_nvs_open fail ret=4353

[0;32mI (520) wifi_init: rx ba win: 6[0m
[0;32mI (530) wifi_init: tcpip mbox: 32[0m
[0;32mI (530) wifi_init: udp mbox: 6[0m
[0;32mI (540) wifi_init: tcp mbox: 6[0m
[0;32mI (540) wifi_init: tcp tx win: 5744[0m
[0;32mI (540) wifi_init: tcp rx win: 5744[0m
[0;32mI (550) wifi_init: tcp mss: 1440[0m
[0;32mI (550) wifi_init: WiFi IRAM OP enabled[0m
[0;32mI (560) wifi_init: WiFi RX IRAM OP enabled[0m
esp_wifi_init failed: 4353
[0;32mI (560) main_task: Returned from app_main()[0m
ets Jul 29 2019 12:21:46

rst:0x10 (RTCWDT_RTC_RESET),boot:0x13 (SPI_FAST_FLASH_BOOT)
configsip: 0, SPIWP:0xee
clk_drv:0x00,q_drv:0x00,d_drv:0x00,cs0_drv:0x00,hd_drv:0x00,wp_drv:0x00
mode:DIO, clock div:2
load:0x3fff0030,len:7080
load:0x40078000,len:15584
load:0x40080400,len:4
ho 8 tail 4 room 4
load:0x40080404,len:3876
entry 0x4008064c
[0;32mI (31) boot: ESP-IDF v5.1.2 2nd stage bootloader[0m
[0;32mI (31) boot: compile time May 21 2024 15:21:06[0m
[0;32mI (32) boot: Multicore bootloader[0m
[0;32mI (36) boot: chip revision: v3.1[0m
[0;32mI (39) boot.esp32: SPI Speed      : 40MHz[0m
[0;32mI (44) boot.esp32: SPI Mode       : DIO[0m
[0;32mI (49) boot.esp32: SPI Flash Size : 2MB[0m
[0;32mI (53) boot: Enabling RNG early entropy source...[0m
[0;32mI (59) boot: Partition Table:[0m
[0;32mI (62) boot: ## Label            Usage          Type ST Offset   Length[0m
[0;32mI (69) boot:  0 nvs              WiFi data        01 02 00009000 00006000[0m
[0;32mI (77) boot:  1 phy_init         RF data          01 01 0000f000 00001000[0m
[0;32mI (84) boot:  2 factory          factory app      00 00 00010000 00100000[0m
[0;32mI (92) boot: End of partition table[0m
[0;32mI (96) esp_image: segment 0: paddr=00010020 vaddr=3f400020 size=1a43ch (107580) map[0m
[0;32mI (143) esp_image: segment 1: paddr=0002a464 vaddr=3ffbdb60 size=05264h ( 21092) load[0m
[0;32mI (152) esp_image: segment 2: paddr=0002f6d0 vaddr=40080000 size=00948h (  2376) load[0m
[0;32mI (153) esp_image: segment 3: paddr=00030020 vaddr=400d0020 size=694b8h (431288) map[0m
[0;32mI (316) esp_image: segment 4: paddr=000994e0 vaddr=40080948 size=15cb4h ( 89268) load[0m
[0;32mI (364) boot: Loaded app from partition at offset 0x10000[0m
[0;32mI (365) boot: Disabling RNG early entropy source...[0m
[0;32mI (376) cpu_start: Multicore app[0m
[0;32mI (376) cpu_start: Pro cpu up.[0m
[0;32mI (377) cpu_start: Starting app cpu, entry point is 0x400812e0[0m
[0;32mI (0) cpu_start: App cpu up.[0m
[0;32mI (394) cpu_start: Pro cpu start user code[0m
[0;32mI (394) cpu_start: cpu freq: 160000000 Hz[0m
[0;32mI (394) cpu_start: Application information:[0m
[0;32mI (399) cpu_start: Project name:     hello_world[0m
[0;32mI (404) cpu_start: App version:      1[0m
[0;32mI (409) cpu_start: Compile time:     May 21 2024 15:20:29[0m
[0;32mI (415) cpu_start: ELF file SHA256:  7770d18be416ce94...[0m
[0;32mI (421) cpu_start: ESP-IDF:          v5.1.2[0m
[0;32mI (426) cpu_start: Min chip rev:     v0.0[0m
[0;32mI (430) cpu_start: Max chip rev:     v3.99 [0m
[0;32mI (435) cpu_start: Chip rev:         v3.1[0m
[0;32mI (440) heap_init: Initializing. RAM available for dynamic allocation:[0m
[0;32mI (447) heap_init: At 3FFAE6E0 len 0000F480 (61 KiB): DRAM[0m
[0;32mI (453) heap_init: At 3FFC6490 len 00019B70 (102 KiB): DRAM[0m
[0;32mI (460) heap_init: At 3FFE0440 len 00003AE0 (14 KiB): D/IRAM[0m
[0;32mI (466) heap_init: At 3FFE4350 len 0001BCB0 (111 KiB): D/IRAM[0m
[0;32mI (472) heap_init: At 400965FC len 00009A04 (38 KiB): IRAM[0m
[0;32mI (480) spi_flash: detected chip: generic[0m
[0;32mI (483) spi_flash: flash io: dio[0m
[0;33mW (487) spi_flash: Detected size(4096k) larger than the size in the binary image header(2048k). Using the size in the binary image header.[0m
[0;32mI (501) coexist: coex firmware version: b6d5e8c[0m
[0;32mI (506) app_start: Starting scheduler on CPU0[0m
[0;32[0;32mI (511) app_start: Starting scheduler on CPU1[0m
mI (511) main_task: Started on CPU0[0m
[0;32mI (521) main_task: Calling app_main()[0m
Hello world!
W (521) wifi:wifi osi_nvs_open fail ret=4353

[0;32mI (521) wifi_init: rx ba win: 6[0m
[0;32mI (531) wifi_init: tcpip mbox: 32[0m
[0;32mI (531) wifi_init: udp mbox: 6[0m
[0;32mI (541) wifi_init: tcp mbox: 6[0m
[0;32mI (541) wifi_init: tcp tx win: 5744[0m
[0;32mI (541) wifi_init: tcp rx win: 5744[0m
[0;32mI (551) wifi_init: tcp mss: 1440[0m
[0;32mI (551) wifi_init: WiFi IRAM OP enabled[0m
[0;32mI (561) wifi_init: WiFi RX IRAM OP enabled[0m
esp_wifi_init failed: 4353
[0;32mI (561) main_task: Returned from app_main()[0m
ets Jul 29 2019 12:21:46

rst:0x10 (RTCWDT_RTC_RESET),boot:0x13 (SPI_FAST_FLASH_BOOT)
configsip: 0, SPIWP:0xee
clk_drv:0x00,q_drv:0x00,d_drv:0x00,cs0_drv:0x00,hd_drv:0x00,wp_drv:0x00
mode:DIO, clock div:2
load:0x3fff0030,len:7080
load:0x40078000,len:15584
load:0x40080400,len:4
ho 8 tail 4 room 4
load:0x40080404,len:3876
entry 0x4008064c
[0;32mI (31) boot: ESP-IDF v5.1.2 2nd stage bootloader[0m
[0;32mI (31) boot: compile time May 21 2024 15:21:06[0m
[0;32mI (32) boot: Multicore bootloader[0m
[0;32mI (36) boot: chip revision: v3.1[0m
[0;32mI (39) boot.esp32: SPI Speed      : 40MHz[0m
[0;32mI (44) boot.esp32: SPI Mode       : DIO[0m
[0;32mI (49) boot.esp32: SPI Flash Size : 2MB[0m
[0;32mI (53) boot: Enabling RNG early entropy source...[0m
[0;32mI (59) boot: Partition Table:[0m
[0;32mI (62) boot: ## Label            Usage          Type ST Offset   Length[0m
[0;32mI (69) boot:  0 nvs              WiFi data        01 02 00009000 00006000[0m
[0;32mI (77) boot:  1 phy_init         RF data          01 01 0000f000 00001000[0m
[0;32mI (84) boot:  2 factory          factory app      00 00 00010000 00100000[0m
[0;32mI (92) boot: End of partition table[0m
[0;32mI (96) esp_image: segment 0: paddr=00010020 vaddr=3f400020 size=1a43ch (107580) map[0m
[0;32mI (143) esp_image: segment 1: paddr=0002a464 vaddr=3ffbdb60 size=05264h ( 21092) load[0m
[0;32mI (152) esp_image: segment 2: paddr=0002f6d0 vaddr=40080000 size=00948h (  2376) load[0m
[0;32mI (153) esp_image: segment 3: paddr=00030020 vaddr=400d0020 size=694b8h (431288) map[0m
[0;32mI (316) esp_image: segment 4: paddr=000994e0 vaddr=40080948 size=15cb4h ( 89268) load[0m
[0;32mI (364) boot: Loaded app from partition at offset 0x10000[0m
[0;32mI (365) boot: Disabling RNG early entropy source...[0m
[0;32mI (376) cpu_start: Multicore app[0m
[0;32mI (376) cpu_start: Pro cpu up.[0m
[0;32mI (377) cpu_start: Starting app cpu, entry point is 0x400812e0[0m
[0;32mI (0) cpu_start: App cpu up.[0m
[0;32mI (394) cpu_start: Pro cpu start user code[0m
[0;32mI (394) cpu_start: cpu freq: 160000000 Hz[0m
[0;32mI (394) cpu_start: Application information:[0m
[0;32mI (399) cpu_start: Project name:     hello_world[0m
[0;32mI (404) cpu_start: App version:      1[0m
[0;32mI (409) cpu_start: Compile time:     May 21 2024 15:20:29[0m
[0;32mI (415) cpu_start: ELF file SHA256:  7770d18be416ce94...[0m
[0;32mI (421) cpu_start: ESP-IDF:          v5.1.2[0m
[0;32mI (426) cpu_start: Min chip rev:     v0.0[0m
[0;32mI (430) cpu_start: Max chip rev:     v3.99 [0m
[0;32mI (435) cpu_start: Chip rev:         v3.1[0m
[0;32mI (440) heap_init: Initializing. RAM available for dynamic allocation:[0m
[0;32mI (447) heap_init: At 3FFAE6E0 len 0000F480 (61 KiB): DRAM[0m
[0;32mI (453) heap_init: At 3FFC6490 len 00019B70 (102 KiB): DRAM[0m
[0;32mI (460) heap_init: At 3FFE0440 len 00003AE0 (14 KiB): D/IRAM[0m
[0;32mI (466) heap_init: At 3FFE4350 len 0001BCB0 (111 KiB): D/IRAM[0m
[0;32mI (472) heap_init: At 400965FC len 00009A04 (38 KiB): IRAM[0m
[0;32mI (480) spi_flash: detected chip: generic[0m
[0;32mI (483) spi_flash: flash io: dio[0m
[0;33mW (487) spi_flash: Detected size(4096k) larger than the size in the binary image header(2048k). Using the size in the binary image header.[0m
[0;32mI (501) coexist: coex firmware version: b6d5e8c[0m
[0;32mI (506) app_start: Starting scheduler on CPU0[0m
[0;32[0;32mI (511) app_start: Starting scheduler on CPU1[0m
mI (511) main_task: Started on CPU0[0m
[0;32mI (521) main_task: Calling app_main()[0m
Hello world!
W (521) wifi:wifi osi_nvs_open fail ret=4353

[0;32mI (521) wifi_init: rx ba win: 6[0m
[0;32mI (531) wifi_init: tcpip mbox: 32[0m
[0;32mI (531) wifi_init: udp mbox: 6[0m
[0;32mI (541) wifi_init: tcp mbox: 6[0m
[0;32mI (541) wifi_init: tcp tx win: 5744[0m
[0;32mI (541) wifi_init: tcp rx win: 5744[0m
[0;32mI (551) wifi_init: tcp mss: 1440[0m
[0;32mI (551) wifi_init: WiFi IRAM OP enabled[0m
[0;32mI (561) wifi_init: WiFi RX IRAM OP enabled[0m
esp_wifi_init failed: 4353
[0;32mI (561) main_task: Returned from app_main()[0m
ets Jul 29 2019 12:21:46

rst:0x10 (RTCWDT_RTC_RESET),boot:0x13 (SPI_FAST_FLASH_BOOT)
configsip: 0, SPIWP:0xee
clk_drv:0x00,q_drv:0x00,d_drv:0x00,cs0_drv:0x00,hd_drv:0x00,wp_drv:0x00
mode:DIO, clock div:2
load:0x3fff0030,len:7080
load:0x40078000,len:15584
load:0x40080400,len:4
ho 8 tail 4 room 4
load:0x40080404,len:3876
entry 0x4008064c
[0;32mI (31) boot: ESP-IDF v5.1.2 2nd stage bootloader[0m
[0;32mI (31) boot: compile time May 21 2024 15:21:06[0m
[0;32mI (32) boot: Multicore bootloader[0m
[0;32mI (36) boot: chip revision: v3.1[0m
[0;32mI (39) boot.esp32: SPI Speed      : 40MHz[0m
[0;32mI (44) boot.esp32: SPI Mode       : DIO[0m
[0;32mI (49) boot.esp32: SPI Flash Size : 2MB[0m
[0;32mI (53) boot: Enabling RNG early entropy source...[0m
[0;32mI (59) boot: Partition Table:[0m
[0;32mI (62) boot: ## Label            Usage          Type ST Offset   Length[0m
[0;32mI (69) boot:  0 nvs              WiFi data        01 02 00009000 00006000[0m
[0;32mI (77) boot:  1 phy_init         RF data          01 01 0000f000 00001000[0m
[0;32mI (84) boot:  2 factory          factory app      00 00 00010000 00100000[0m
[0;32mI (92) boot: End of partition table[0m
[0;32mI (96) esp_image: segment 0: paddr=00010020 vaddr=3f400020 size=1a43ch (107580) map[0m
[0;32mI (143) esp_image: segment 1: paddr=0002a464 vaddr=3ffbdb60 size=05264h ( 21092) load[0m
[0;32mI (152) esp_image: segment 2: paddr=0002f6d0 vaddr=40080000 size=00948h (  2376) load[0m
[0;32mI (153) esp_image: segment 3: paddr=00030020 vaddr=400d0020 size=694b8h (431288) map[0m
[0;32mI (316) esp_image: segment 4: paddr=000994e0 vaddr=40080948 size=15cb4h ( 89268) load[0m
[0;32mI (365) boot: Loaded app from partition at offset 0x10000[0m
[0;32mI (365) boot: Disabling RNG early entropy source...[0m
[0;32mI (376) cpu_start: Multicore app[0m
[0;32mI (376) cpu_start: Pro cpu up.[0m
[0;32mI (377) cpu_start: Starting app cpu, entry point is 0x400812e0[0m
[0;32mI (0) cpu_start: App cpu up.[0m
[0;32mI (394) cpu_start: Pro cpu start user code[0m
[0;32mI (394) cpu_start: cpu freq: 160000000 Hz[0m
[0;32mI (394) cpu_start: Application information:[0m
[0;32mI (399) cpu_start: Project name:     hello_world[0m
[0;32mI (404) cpu_start: App version:      1[0m
[0;32mI (409) cpu_start: Compile time:     May 21 2024 15:20:29[0m
[0;32mI (415) cpu_start: ELF file SHA256:  7770d18be416ce94...[0m
[0;32mI (421) cpu_start: ESP-IDF:          v5.1.2[0m
[0;32mI (426) cpu_start: Min chip rev:     v0.0[0m
[0;32mI (430) cpu_start: Max chip rev:     v3.99 [0m
[0;32mI (435) cpu_start: Chip rev:         v3.1[0m
[0;32mI (440) heap_init: Initializing. RAM available for dynamic allocation:[0m
[0;32mI (447) heap_init: At 3FFAE6E0 len 0000F480 (61 KiB): DRAM[0m
[0;32mI (453) heap_init: At 3FFC6490 len 00019B70 (102 KiB): DRAM[0m
[0;32mI (460) heap_init: At 3FFE0440 len 00003AE0 (14 KiB): D/IRAM[0m
[0;32mI (466) heap_init: At 3FFE4350 len 0001BCB0 (111 KiB): D/IRAM[0m
[0;32mI (472) heap_init: At 400965FC len 00009A04 (38 KiB): IRAM[0m
[0;32mI (480) spi_flash: detected chip: generic[0m
[0;32mI (483) spi_flash: flash io: dio[0m
[0;33mW (487) spi_flash: Detected size(4096k) larger than the size in the binary image header(2048k). Using the size in the binary image header.[0m
[0;32mI (501) coexist: coex firmware version: b6d5e8c[0m
[0;32mI (506) app_start: Starting scheduler on CPU0[0m
[0;32[0;32mI (511) app_start: Starting scheduler on CPU1[0m
mI (511) main_task: Started on CPU0[0m
[0;32mI (521) main_task: Calling app_main()[0m
Hello world!
W (521) wifi:wifi osi_nvs_open fail ret=4353

[0;32mI (521) wifi_init: rx ba win: 6[0m
[0;32mI (531) wifi_init: tcpip mbox: 32[0m
[0;32mI (531) wifi_init: udp mbox: 6[0m
[0;32mI (541) wifi_init: tcp mbox: 6[0m
[0;32mI (541) wifi_init: tcp tx win: 5744[0m
[0;32mI (541) wifi_init: tcp rx win: 5744[0m
[0;32mI (551) wifi_init: tcp mss: 1440[0m
[0;32mI (551) wifi_init: WiFi IRAM OP enabled[0m
[0;32mI (561) wifi_init: WiFi RX IRAM OP enabled[0m
esp_wifi_init failed: 4353
[0;32mI (561) main_task: Returned from app_main()[0m
ets Jul 29 2019 12:21:46

rst:0x10 (RTCWDT_RTC_RESET),boot:0x13 (SPI_FAST_FLASH_BOOT)
configsip: 0, SPIWP:0xee
clk_drv:0x00,q_drv:0x00,d_drv:0x00,cs0_drv:0x00,hd_drv:0x00,wp_drv:0x00
mode:DIO, clock div:2
load:0x3fff0030,len:7080
load:0x40078000,len:15584
load:0x40080400,len:4
ho 8 tail 4 room 4
load:0x40080404,len:3876
entry 0x4008064c
[0;32mI (31) boot: ESP-IDF v5.1.2 2nd stage bootloader[0m
[0;32mI (31) boot: compile time May 21 2024 15:21:06[0m
[0;32mI (32) boot: Multicore bootloader[0m
[0;32mI (36) boot: chip revision: v3.1[0m
[0;32mI (39) boot.esp32: SPI Speed      : 40MHz[0m
[0;32mI (44) boot.esp32: SPI Mode       : DIO[0m
[0;32mI (49) boot.esp32: SPI Flash Size : 2MB[0m
[0;32mI (53) boot: Enabling RNG early entropy source...[0m
[0;32mI (59) boot: Partition Table:[0m
[0;32mI (62) boot: ## Label            Usage          Type ST Offset   Length[0m
[0;32mI (69) boot:  0 nvs              WiFi data        01 02 00009000 00006000[0m
[0;32mI (77) boot:  1 phy_init         RF data          01 01 0000f000 00001000[0m
[0;32mI (84) boot:  2 factory          factory app      00 00 00010000 00100000[0m
[0;32mI (92) boot: End of partition table[0m
[0;32mI (96) esp_image: segment 0: paddr=00010020 vaddr=3f400020 size=1a43ch (107580) map[0m
[0;32mI (143) esp_image: segment 1: paddr=0002a464 vaddr=3ffbdb60 size=05264h ( 21092) load[0m
[0;32mI (152) esp_image: segment 2: paddr=0002f6d0 vaddr=40080000 size=00948h (  2376) load[0m
[0;32mI (153) esp_image: segment 3: paddr=00030020 vaddr=400d0020 size=694b8h (431288) map[0m
[0;32mI (316) esp_image: segment 4: paddr=000994e0 vaddr=40080948 size=15cb4h ( 89268) load[0m
[0;32mI (364) boot: Loaded app from partition at offset 0x10000[0m
[0;32mI (365) boot: Disabling RNG early entropy source...[0m
[0;32mI (376) cpu_start: Multicore app[0m
[0;32mI (376) cpu_start: Pro cpu up.[0m
[0;32mI (377) cpu_start: Starting app cpu, entry point is 0x400812e0[0m
[0;32mI (0) cpu_start: App cpu up.[0m
[0;32mI (394) cpu_start: Pro cpu start user code[0m
[0;32mI (394) cpu_start: cpu freq: 160000000 Hz[0m
[0;32mI (394) cpu_start: Application information:[0m
[0;32mI (399) cpu_start: Project name:     hello_world[0m
[0;32mI (404) cpu_start: App version:      1[0m
[0;32mI (409) cpu_start: Compile time:     May 21 2024 15:20:29[0m
[0;32mI (415) cpu_start: ELF file SHA256:  7770d18be416ce94...[0m
[0;32mI (421) cpu_start: ESP-IDF:          v5.1.2[0m
[0;32mI (426) cpu_start: Min chip rev:     v0.0[0m
[0;32mI (430) cpu_start: Max chip rev:     v3.99 [0m
[0;32mI (435) cpu_start: Chip rev:         v3.1[0m
[0;32mI (440) heap_init: Initializing. RAM available for dynamic allocation:[0m
[0;32mI (447) heap_init: At 3FFAE6E0 len 0000F480 (61 KiB): DRAM[0m
[0;32mI (453) heap_init: At 3FFC6490 len 00019B70 (102 KiB): DRAM[0m
[0;32mI (460) heap_init: At 3FFE0440 len 00003AE0 (14 KiB): D/IRAM[0m
[0;32mI (466) heap_init: At 3FFE4350 len 0001BCB0 (111 KiB): D/IRAM[0m
[0;32mI (472) heap_init: At 400965FC len 00009A04 (38 KiB): IRAM[0m
[0;32mI (480) spi_flash: detected chip: generic[0m
[0;32mI (483) spi_flash: flash io: dio[0m
[0;33mW (487) spi_flash: Detected size(4096k) larger than the size in the binary image header(2048k). Using the size in the binary image header.[0m
[0;32mI (501) coexist: coex firmware version: b6d5e8c[0m
[0;32mI (506) app_start: Starting scheduler on CPU0[0m
[0;32[0;32mI (511) app_start: Starting scheduler on CPU1[0m
mI (511) main_task: Started on CPU0[0m
[0;32mI (521) main_task: Calling app_main()[0m
Hello world!
W (521) wifi:wifi osi_nvs_open fail ret=4353

[0;32mI (521) wifi_init: rx ba win: 6[0m
[0;32mI (531) wifi_init: tcpip mbox: 32[0m
[0;32mI (531) wifi_init: udp mbox: 6[0m
[0;32mI (541) wifi_init: tcp mbox: 6[0m
[0;32mI (541) wifi_init: tcp tx win: 5744[0m
[0;32mI (541) wifi_init: tcp rx win: 5744[0m
[0;32mI (551) wifi_init: tcp mss: 1440[0m
[0;32mI (551) wifi_init: WiFi IRAM OP enabled[0m
[0;32mI (561) wifi_init: WiFi RX IRAM OP enabled[0m
esp_wifi_init failed: 4353
[0;32mI (561) main_task: Returned from app_main()[0m
ets Jul 29 2019 12:21:46

rst:0x10 (RTCWDT_RTC_RESET),boot:0x13 (SPI_FAST_FLASH_BOOT)
configsip: 0, SPIWP:0xee
clk_drv:0x00,q_drv:0x00,d_drv:0x00,cs0_drv:0x00,hd_drv:0x00,wp_drv:0x00
mode:DIO, clock div:2
load:0x3fff0030,len:7080
load:0x40078000,len:15584
load:0x40080400,len:4
ho 8 tail 4 room 4
load:0x40080404,len:3876
entry 0x4008064c
[0;32mI (31) boot: ESP-IDF v5.1.2 2nd stage bootloader[0m
[0;32mI (31) boot: compile time May 21 2024 15:21:06[0m
[0;32mI (32) boot: Multicore bootloader[0m
[0;32mI (36) boot: chip revision: v3.1[0m
[0;32mI (39) boot.esp32: SPI Speed      : 40MHz[0m
[0;32mI (44) boot.esp32: SPI Mode       : DIO[0m
[0;32mI (49) boot.esp32: SPI Flash Size : 2MB[0m
[0;32mI (53) boot: Enabling RNG early entropy source...[0m
[0;32mI (59) boot: Partition Table:[0m
[0;32mI (62) boot: ## Label            Usage          Type ST Offset   Length[0m
[0;32mI (69) boot:  0 nvs              WiFi data        01 02 00009000 00006000[0m
[0;32mI (77) boot:  1 phy_init         RF data          01 01 0000f000 00001000[0m
[0;32mI (84) boot:  2 factory          factory app      00 00 00010000 00100000[0m
[0;32mI (92) boot: End of partition table[0m
[0;32mI (96) esp_image: segment 0: paddr=00010020 vaddr=3f400020 size=1a43ch (107580) map[0m
[0;32mI (143) esp_image: segment 1: paddr=0002a464 vaddr=3ffbdb60 size=05264h ( 21092) load[0m
[0;32mI (152) esp_image: segment 2: paddr=0002f6d0 vaddr=40080000 size=00948h (  2376) load[0m
[0;32mI (153) esp_image: segment 3: paddr=00030020 vaddr=400d0020 size=694b8h (431288) map[0m
[0;32mI (316) esp_image: segment 4: paddr=000994e0 vaddr=40080948 size=15cb4h ( 89268) load[0m
[0;32mI (364) boot: Loaded app from partition at offset 0x10000[0m
[0;32mI (365) boot: Disabling RNG early entropy source...[0m
[0;32mI (376) cpu_start: Multicore app[0m
[0;32mI (376) cpu_start: Pro cpu up.[0m
[0;32mI (377) cpu_start: Starting app cpu, entry point is 0x400812e0[0m
[0;32mI (0) cpu_start: App cpu up.[0m
[0;32mI (394) cpu_start: Pro cpu start user code[0m
[0;32mI (394) cpu_start: cpu freq: 160000000 Hz[0m
[0;32mI (394) cpu_start: Application information:[0m
[0;32mI (399) cpu_start: Project name:     hello_world[0m
[0;32mI (404) cpu_start: App version:      1[0m
[0;32mI (409) cpu_start: Compile time:     May 21 2024 15:20:29[0m
[0;32mI (415) cpu_start: ELF file SHA256:  7770d18be416ce94...[0m
[0;32mI (421) cpu_start: ESP-IDF:          v5.1.2[0m
[0;32mI (426) cpu_start: Min chip rev:     v0.0[0m
[0;32mI (430) cpu_start: Max chip rev:     v3.99 [0m
[0;32mI (435) cpu_start: Chip rev:         v3.1[0m
[0;32mI (440) heap_init: Initializing. RAM available for dynamic allocation:[0m
[0;32mI (447) heap_init: At 3FFAE6E0 len 0000F480 (61 KiB): DRAM[0m
[0;32mI (453) heap_init: At 3FFC6490 len 00019B70 (102 KiB): DRAM[0m
[0;32mI (460) heap_init: At 3FFE0440 len 00003AE0 (14 KiB): D/IRAM[0m
[0;32mI (466) heap_init: At 3FFE4350 len 0001BCB0 (111 KiB): D/IRAM[0m
[0;32mI (472) heap_init: At 400965FC len 00009A04 (38 KiB): IRAM[0m
[0;32mI (480) spi_flash: detected chip: generic[0m
[0;32mI (483) spi_flash: flash io: dio[0m
[0;33mW (487) spi_flash: Detected size(4096k) larger than the size in the binary image header(2048k). Using the size in the binary image header.[0m
[0;32mI (501) coexist: coex firmware version: b6d5e8c[0m
[0;32mI (506) app_start: Starting scheduler on CPU0[0m
[0;32[0;32mI (511) app_start: Starting scheduler on CPU1[0m
mI (511) main_task: Started on CPU0[0m
[0;32mI (521) main_task: Calling app_main()[0m
Hello world!
W (521) wifi:wifi osi_nvs_open fail ret=4353

[0;32mI (521) wifi_init: rx ba win: 6[0m
[0;32mI (531) wifi_init: tcpip mbox: 32[0m
[0;32mI (531) wifi_init: udp mbox: 6[0m
[0;32mI (541) wifi_init: tcp mbox: 6[0m
[0;32mI (541) wifi_init: tcp tx win: 5744[0m
[0;32mI (541) wifi_init: tcp rx win: 5744[0m
[0;32mI (551) wifi_init: tcp mss: 1440[0m
[0;32mI (551) wifi_init: WiFi IRAM OP enabled[0m
[0;32mI (561) wifi_init: WiFi RX IRAM OP enabled[0m
esp_wifi_init failed: 4353
[0;32mI (561) main_task: Returned from app_main()[0m
ets Jul 29 2019 12:21:46

rst:0x10 (RTCWDT_RTC_RESET),boot:0x13 (SPI_FAST_FLASH_BOOT)
configsip: 0, SPIWP:0xee
clk_drv:0x00,q_drv:0x00,d_drv:0x00,cs0_drv:0x00,hd_drv:0x00,wp_drv:0x00
mode:DIO, clock div:2
load:0x3fff0030,len:7080
load:0x40078000,len:15584
load:0x40080400,len:4
ho 8 tail 4 room 4
load:0x40080404,len:3876
entry 0x4008064c
[0;32mI (31) boot: ESP-IDF v5.1.2 2nd stage bootloader[0m
[0;32mI (31) boot: compile time May 21 2024 15:21:06[0m
[0;32mI (32) boot: Multicore bootloader[0m
[0;32mI (36) boot: chip revision: v3.1[0m
[0;32mI (39) boot.esp32: SPI Speed      : 40MHz[0m
[0;32mI (44) boot.esp32: SPI Mode       : DIO[0m
[0;32mI (49) boot.esp32: SPI Flash Size : 2MB[0m
[0;32mI (53) boot: Enabling RNG early entropy source...[0m
[0;32mI (59) boot: Partition Table:[0m
[0;32mI (62) boot: ## Label            Usage          Type ST Offset   Length[0m
[0;32mI (69) boot:  0 nvs              WiFi data        01 02 00009000 00006000[0m
[0;32mI (77) boot:  1 phy_init         RF data          01 01 0000f000 00001000[0m
[0;32mI (84) boot:  2 factory          factory app      00 00 00010000 00100000[0m
[0;32mI (92) boot: End of partition table[0m
[0;32mI (96) esp_image: segment 0: paddr=00010020 vaddr=3f400020 size=1a43ch (107580) map[0m
[0;32mI (143) esp_image: segment 1: paddr=0002a464 vaddr=3ffbdb60 size=05264h ( 21092) load[0m
[0;32mI (152) esp_image: segment 2: paddr=0002f6d0 vaddr=40080000 size=00948h (  2376) load[0m
[0;32mI (153) esp_image: segment 3: paddr=00030020 vaddr=400d0020 size=694b8h (431288) map[0m
[0;32mI (316) esp_image: segment 4: paddr=000994e0 vaddr=40080948 size=15cb4h ( 89268) load[0m
[0;32mI (364) boot: Loaded app from partition at offset 0x10000[0m
[0;32mI (365) boot: Disabling RNG early entropy source...[0m
[0;32mI (376) cpu_start: Multicore app[0m
[0;32mI (376) cpu_start: Pro cpu up.[0m
[0;32mI (377) cpu_start: Starting app cpu, entry point is 0x400812e0[0m
[0;32mI (0) cpu_start: App cpu up.[0m
[0;32mI (394) cpu_start: Pro cpu start user code[0m
[0;32mI (394) cpu_start: cpu freq: 160000000 Hz[0m
[0;32mI (394) cpu_start: Application information:[0m
[0;32mI (399) cpu_start: Project name:     hello_world[0m
[0;32mI (404) cpu_start: App version:      1[0m
[0;32mI (409) cpu_start: Compile time:     May 21 2024 15:20:29[0m
[0;32mI (415) cpu_start: ELF file SHA256:  7770d18be416ce94...[0m
[0;32mI (421) cpu_start: ESP-IDF:          v5.1.2[0m
[0;32mI (426) cpu_start: Min chip rev:     v0.0[0m
[0;32mI (430) cpu_start: Max chip rev:     v3.99 [0m
[0;32mI (435) cpu_start: Chip rev:         v3.1[0m
[0;32mI (440) heap_init: Initializing. RAM available for dynamic allocation:[0m
[0;32mI (447) heap_init: At 3FFAE6E0 len 0000F480 (61 KiB): DRAM[0m
[0;32mI (453) heap_init: At 3FFC6490 len 00019B70 (102 KiB): DRAM[0m
[0;32mI (460) heap_init: At 3FFE0440 len 00003AE0 (14 KiB): D/IRAM[0m
[0;32mI (466) heap_init: At 3FFE4350 len 0001BCB0 (111 KiB): D/IRAM[0m
[0;32mI (472) heap_init: At 400965FC len 00009A04 (38 KiB): IRAM[0m
[0;32mI (480) spi_flash: detected chip: generic[0m
[0;32mI (483) spi_flash: flash io: dio[0m
[0;33mW (487) spi_flash: Detected size(4096k) larger than the size in the binary image header(2048k). Using the size in the binary image header.[0m
[0;32mI (501) coexist: coex firmware version: b6d5e8c[0m
[0;32mI (506) app_start: Starting scheduler on CPU0[0m
[0;32[0;32mI (511) app_start: Starting scheduler on CPU1[0m
mI (511) main_task: Started on CPU0[0m
[0;32mI (521) main_task: Calling app_main()[0m
Hello world!
W (521) wifi:wifi osi_nvs_open fail ret=4353

[0;32mI (521) wifi_init: rx ba win: 6[0m
[0;32mI (531) wifi_init: tcpip mbox: 32[0m
[0;32mI (531) wifi_init: udp mbox: 6[0m
[0;32mI (541) wifi_init: tcp mbox: 6[0m
[0;32mI (541) wifi_init: tcp tx win: 5744[0m
[0;32mI (541) wifi_init: tcp rx win: 5744[0m
[0;32mI (551) wifi_init: tcp mss: 1440[0m
[0;32mI (551) wifi_init: WiFi IRAM OP enabled[0m
[0;32mI (561) wifi_init: WiFi RX IRAM OP enabled[0m
esp_wifi_init failed: 4353
[0;32mI (561) main_task: Returned from app_main()[0m
ets Jul 29 2019 12:21:46

rst:0x10 (RTCWDT_RTC_RESET),boot:0x13 (SPI_FAST_FLASH_BOOT)
configsip: 0, SPIWP:0xee
clk_drv:0x00,q_drv:0x00,d_drv:0x00,cs0_drv:0x00,hd_drv:0x00,wp_drv:0x00
mode:DIO, clock div:2
load:0x3fff0030,len:7080
load:0x40078000,len:15584
load:0x40080400,len:4
ho 8 tail 4 room 4
load:0x40080404,len:3876
entry 0x4008064c
[0;32mI (31) boot: ESP-IDF v5.1.2 2nd stage bootloader[0m
[0;32mI (31) boot: compile time May 21 2024 15:21:06[0m
[0;32mI (32) boot: Multicore bootloader[0m
[0;32mI (36) boot: chip revision: v3.1[0m
[0;32mI (39) boot.esp32: SPI Speed      : 40MHz[0m
[0;32mI (44) boot.esp32: SPI Mode       : DIO[0m
[0;32mI (49) boot.esp32: SPI Flash Size : 2MB[0m
[0;32mI (53) boot: Enabling RNG early entropy source...[0m
[0;32mI (59) boot: Partition Table:[0m
[0;32mI (62) boot: ## Label            Usage          Type ST Offset   Length[0m
[0;32mI (69) boot:  0 nvs              WiFi data        01 02 00009000 00006000[0m
[0;32mI (77) boot:  1 phy_init         RF data          01 01 0000f000 00001000[0m
[0;32mI (84) boot:  2 factory          factory app      00 00 00010000 00100000[0m
[0;32mI (92) boot: End of partition table[0m
[0;32mI (96) esp_image: segment 0: paddr=00010020 vaddr=3f400020 size=1a43ch (107580) map[0m
[0;32mI (143) esp_image: segment 1: paddr=0002a464 vaddr=3ffbdb60 size=05264h ( 21092) load[0m
[0;32mI (152) esp_image: segment 2: paddr=0002f6d0 vaddr=40080000 size=00948h (  2376) load[0m
[0;32mI (153) esp_image: segment 3: paddr=00030020 vaddr=400d0020 size=694b8h (431288) map[0m
[0;32mI (316) esp_image: segment 4: paddr=000994e0 vaddr=40080948 size=15cb4h ( 89268) load[0m
[0;32mI (364) boot: Loaded app from partition at offset 0x10000[0m
[0;32mI (365) boot: Disabling RNG early entropy source...[0m
[0;32mI (376) cpu_start: Multicore app[0m
[0;32mI (376) cpu_start: Pro cpu up.[0m
[0;32mI (377) cpu_start: Starting app cpu, entry point is 0x400812e0[0m
[0;32mI (0) cpu_start: App cpu up.[0m
[0;32mI (394) cpu_start: Pro cpu start user code[0m
[0;32mI (394) cpu_start: cpu freq: 160000000 Hz[0m
[0;32mI (394) cpu_start: Application information:[0m
[0;32mI (399) cpu_start: Project name:     hello_world[0m
[0;32mI (404) cpu_start: App version:      1[0m
[0;32mI (409) cpu_start: Compile time:     May 21 2024 15:20:29[0m
[0;32mI (415) cpu_start: ELF file SHA256:  7770d18be416ce94...[0m
[0;32mI (421) cpu_start: ESP-IDF:          v5.1.2[0m
[0;32mI (426) cpu_start: Min chip rev:     v0.0[0m
[0;32mI (430) cpu_start: Max chip rev:     v3.99 [0m
[0;32mI (435) cpu_start: Chip rev:         v3.1[0m
[0;32mI (440) heap_init: Initializing. RAM available for dynamic allocation:[0m
[0;32mI (447) heap_init: At 3FFAE6E0 len 0000F480 (61 KiB): DRAM[0m
[0;32mI (453) heap_init: At 3FFC6490 len 00019B70 (102 KiB): DRAM[0m
[0;32mI (460) heap_init: At 3FFE0440 len 00003AE0 (14 KiB): D/IRAM[0m
[0;32mI (466) heap_init: At 3FFE4350 len 0001BCB0 (111 KiB): D/IRAM[0m
[0;32mI (472) heap_init: At 400965FC len 00009A04 (38 KiB): IRAM[0m
[0;32mI (480) spi_flash: detected chip: generic[0m
[0;32mI (483) spi_flash: flash io: dio[0m
[0;33mW (487) spi_flash: Detected size(4096k) larger than the size in the binary image header(2048k). Using the size in the binary image header.[0m
[0;32mI (501) coexist: coex firmware version: b6d5e8c[0m
[0;32mI (506) app_start: Starting scheduler on CPU0[0m
[0;32[0;32mI (511) app_start: Starting scheduler on CPU1[0m
mI (511) main_task: Started on CPU0[0m
[0;32mI (521) main_task: Calling app_main()[0m
Hello world!
W (521) wifi:wifi osi_nvs_open fail ret=4353

[0;32mI (521) wifi_init: rx ba win: 6[0m
[0;32mI (531) wifi_init: tcpip mbox: 32[0m
[0;32mI (531) wifi_init: udp mbox: 6[0m
[0;32mI (541) wifi_init: tcp mbox: 6[0m
[0;32mI (541) wifi_init: tcp tx win: 5744[0m
[0;32mI (541) wifi_init: tcp rx win: 5744[0m
[0;32mI (551) wifi_init: tcp mss: 1440[0m
[0;32mI (551) wifi_init: WiFi IRAM OP enabled[0m
[0;32mI (561) wifi_init: WiFi RX IRAM OP enabled[0m
esp_wifi_init failed: 4353
[0;32mI (561) main_task: Returned from app_main()[0m
ets Jul 29 2019 12:21:46

rst:0x10 (RTCWDT_RTC_RESET),boot:0x13 (SPI_FAST_FLASH_BOOT)
configsip: 0, SPIWP:0xee
clk_drv:0x00,q_drv:0x00,d_drv:0x00,cs0_drv:0x00,hd_drv:0x00,wp_drv:0x00
mode:DIO, clock div:2
load:0x3fff0030,len:7080
load:0x40078000,len:15584
load:0x40080400,len:4
ho 8 tail 4 room 4
load:0x40080404,len:3876
entry 0x4008064c
[0;32mI (31) boot: ESP-IDF v5.1.2 2nd stage bootloader[0m
[0;32mI (31) boot: compile time May 21 2024 15:21:06[0m
[0;32mI (32) boot: Multicore bootloader[0m
[0;32mI (36) boot: chip revision: v3.1[0m
[0;32mI (39) boot.esp32: SPI Speed      : 40MHz[0m
[0;32mI (44) boot.esp32: SPI Mode       : DIO[0m
[0;32mI (49) boot.esp32: SPI Flash Size : 2MB[0m
[0;32mI (53) boot: Enabling RNG early entropy source...[0m
[0;32mI (59) boot: Partition Table:[0m
[0;32mI (62) boot: ## Label            Usage          Type ST Offset   Length[0m
[0;32mI (69) boot:  0 nvs              WiFi data        01 02 00009000 00006000[0m
[0;32mI (77) boot:  1 phy_init         RF data          01 01 0000f000 00001000[0m
[0;32mI (84) boot:  2 factory          factory app      00 00 00010000 00100000[0m
[0;32mI (92) boot: End of partition table[0m
[0;32mI (96) esp_image: segment 0: paddr=00010020 vaddr=3f400020 size=1a43ch (107580) map[0m
[0;32mI (143) esp_image: segment 1: paddr=0002a464 vaddr=3ffbdb60 size=05264h ( 21092) load[0m
[0;32mI (152) esp_image: segment 2: paddr=0002f6d0 vaddr=40080000 size=00948h (  2376) load[0m
[0;32mI (153) esp_image: segment 3: paddr=00030020 vaddr=400d0020 size=694b8h (431288) map[0m
[0;32mI (316) esp_image: segment 4: paddr=000994e0 vaddr=40080948 size=15cb4h ( 89268) load[0m
[0;32mI (365) boot: Loaded app from partition at offset 0x10000[0m
[0;32mI (365) boot: Disabling RNG early entropy source...[0m
[0;32mI (376) cpu_start: Multicore app[0m
[0;32mI (376) cpu_start: Pro cpu up.[0m
[0;32mI (377) cpu_start: Starting app cpu, entry point is 0x400812e0[0m
[0;32mI (0) cpu_start: App cpu up.[0m
[0;32mI (394) cpu_start: Pro cpu start user code[0m
[0;32mI (394) cpu_start: cpu freq: 160000000 Hz[0m
[0;32mI (394) cpu_start: Application information:[0m
[0;32mI (399) cpu_start: Project name:     hello_world[0m
[0;32mI (404) cpu_start: App version:      1[0m
[0;32mI (409) cpu_start: Compile time:     May 21 2024 15:20:29[0m
[0;32mI (415) cpu_start: ELF file SHA256:  7770d18be416ce94...[0m
[0;32mI (421) cpu_start: ESP-IDF:          v5.1.2[0m
[0;32mI (426) cpu_start: Min chip rev:     v0.0[0m
[0;32mI (430) cpu_start: Max chip rev:     v3.99 [0m
[0;32mI (435) cpu_start: Chip rev:         v3.1[0m
[0;32mI (440) heap_init: Initializing. RAM available for dynamic allocation:[0m
[0;32mI (447) heap_init: At 3FFAE6E0 len 0000F480 (61 KiB): DRAM[0m
[0;32mI (453) heap_init: At 3FFC6490 len 00019B70 (102 KiB): DRAM[0m
[0;32mI (460) heap_init: At 3FFE0440 len 00003AE0 (14 KiB): D/IRAM[0m
[0;32mI (466) heap_init: At 3FFE4350 len 0001BCB0 (111 KiB): D/IRAM[0m
[0;32mI (472) heap_init: At 400965FC len 00009A04 (38 KiB): IRAM[0m
[0;32mI (480) spi_flash: detected chip: generic[0m
[0;32mI (483) spi_flash: flash io: dio[0m
[0;33mW (487) spi_flash: Detected size(4096k) larger than the size in the binary image header(2048k). Using the size in the binary image header.[0m
[0;32mI (501) coexist: coex firmware version: b6d5e8c[0m
[0;32mI (506) app_start: Starting scheduler on CPU0[0m
[0;32[0;32mI (511) app_start: Starting scheduler on CPU1[0m
mI (511) main_task: Started on CPU0[0m
[0;32mI (521) main_task: Calling app_main()[0m
Hello world!
W (521) wifi:wifi osi_nvs_open fail ret=4353

[0;32mI (521) wifi_init: rx ba win: 6[0m
[0;32mI (531) wifi_init: tcpip mbox: 32[0m
[0;32mI (531) wifi_init: udp mbox: 6[0m
[0;32mI (541) wifi_init: tcp mbox: 6[0m
[0;32mI (541) wifi_init: tcp tx win: 5744[0m
[0;32mI (541) wifi_init: tcp rx win: 5744[0m
[0;32mI (551) wifi_init: tcp mss: 1440[0m
[0;32mI (551) wifi_init: WiFi IRAM OP enabled[0m
[0;32mI (561) wifi_init: WiFi RX IRAM OP enabled[0m
esp_wifi_init failed: 4353
[0;32mI (561) main_task: Returned from app_main()[0m
